Resume: 145 queued, 140 remaining
[FETCH]... ↓ 
https://www.oscr.org.uk/about-charities/search-the-register/charity-details?num
ber=SC041621          | ✓ | ⏱: 4.21s 
[SCRAPE].. ◆ 
https://www.oscr.org.uk/about-charities/search-the-register/charity-details?num
ber=SC041621          | ✓ | ⏱: 0.56s 
[COMPLETE] ● 
https://www.oscr.org.uk/about-charities/search-the-register/charity-details?num
ber=SC041621          | ✓ | ⏱: 5.12s 
[FETCH]... ↓ https://www.muaitheabhal.org.uk                                   
| ✓ | ⏱: 4.80s 
[SCRAPE].. ◆ https://www.muaitheabhal.org.uk                                   
| ✓ | ⏱: 0.42s 
[COMPLETE] ● https://www.muaitheabhal.org.uk                                   
| ✓ | ⏱: 5.34s 
[FETCH]... ↓ https://www.muaitheabhal.org.uk/apply                             
| ✓ | ⏱: 2.74s 
[SCRAPE].. ◆ https://www.muaitheabhal.org.uk/apply                             
| ✓ | ⏱: 0.31s 
[COMPLETE] ● https://www.muaitheabhal.org.uk/apply                             
| ✓ | ⏱: 3.13s 
[FETCH]... ↓ https://www.muaitheabhal.org.uk/eligibility-criteria              
| ✓ | ⏱: 3.80s 
[SCRAPE].. ◆ https://www.muaitheabhal.org.uk/eligibility-criteria              
| ✓ | ⏱: 0.17s 
[COMPLETE] ● https://www.muaitheabhal.org.uk/eligibility-criteria              
| ✓ | ⏱: 4.03s 
[FETCH]... ↓ https://www.muaitheabhal.org.uk/large-grant-enquiry-form          
| ✓ | ⏱: 11.93s 
[SCRAPE].. ◆ https://www.muaitheabhal.org.uk/large-grant-enquiry-form          
| ✓ | ⏱: 0.18s 
[COMPLETE] ● https://www.muaitheabhal.org.uk/large-grant-enquiry-form          
| ✓ | ⏱: 12.19s 
[FETCH]... ↓ 
https://www.muaitheabhal.org.uk/news/-putting-funding-where-its-needed-most    
| ✓ | ⏱: 2.64s 
[SCRAPE].. ◆ 
https://www.muaitheabhal.org.uk/news/-putting-funding-where-its-needed-most    
| ✓ | ⏱: 0.09s 
[COMPLETE] ● 
https://www.muaitheabhal.org.uk/news/-putting-funding-where-its-needed-most    
| ✓ | ⏱: 2.79s 
[FETCH]... ↓ https://www.muaitheabhal.org.uk/small-grant-application-form      
| ✓ | ⏱: 2.17s 
[SCRAPE].. ◆ https://www.muaitheabhal.org.uk/small-grant-application-form      
| ✓ | ⏱: 0.08s 
[COMPLETE] ● https://www.muaitheabhal.org.uk/small-grant-application-form      
| ✓ | ⏱: 2.32s 
[FETCH]... ↓ https://www.muaitheabhal.org.uk/small-grant-application-form-1    
| ✓ | ⏱: 3.11s 
[SCRAPE].. ◆ https://www.muaitheabhal.org.uk/small-grant-application-form-1    
| ✓ | ⏱: 0.17s 
[COMPLETE] ● https://www.muaitheabhal.org.uk/small-grant-application-form-1    
| ✓ | ⏱: 3.38s 
[FETCH]... ↓ https://www.muaitheabhal.org.uk/                                  
| ✓ | ⏱: 3.01s 
[SCRAPE].. ◆ https://www.muaitheabhal.org.uk/                                  
| ✓ | ⏱: 0.34s 
[COMPLETE] ● https://www.muaitheabhal.org.uk/                                  
| ✓ | ⏱: 3.42s 
