Resume: 145 queued, 139 remaining
[FETCH]... ↓ 
https://www.oscr.org.uk/about-charities/search-the-register/charity-details?num
ber=SC027243          | ✓ | ⏱: 3.92s 
[SCRAPE].. ◆ 
https://www.oscr.org.uk/about-charities/search-the-register/charity-details?num
ber=SC027243          | ✓ | ⏱: 0.37s 
[COMPLETE] ● 
https://www.oscr.org.uk/about-charities/search-the-register/charity-details?num
ber=SC027243          | ✓ | ⏱: 4.46s 
[FETCH]... ↓ http://www.shect.org/                                             
| ✓ | ⏱: 2.00s 
[SCRAPE].. ◆ http://www.shect.org/                                             
| ✓ | ⏱: 0.01s 
[COMPLETE] ● http://www.shect.org/                                             
| ✓ | ⏱: 2.03s 
[FETCH]... ↓ https://www.shect.org/applicationform.php                         
| ✓ | ⏱: 0.54s 
[SCRAPE].. ◆ https://www.shect.org/applicationform.php                         
| ✓ | ⏱: 0.01s 
[COMPLETE] ● https://www.shect.org/applicationform.php                         
| ✓ | ⏱: 0.57s 
[FETCH]... ↓ https://www.shect.org/how-to-apply.php                            
| ✓ | ⏱: 0.41s 
[SCRAPE].. ◆ https://www.shect.org/how-to-apply.php                            
| ✓ | ⏱: 0.01s 
[COMPLETE] ● https://www.shect.org/how-to-apply.php                            
| ✓ | ⏱: 0.44s 
[FETCH]... ↓ https://www.shect.org/index.php                                   
| ✓ | ⏱: 0.41s 
[SCRAPE].. ◆ https://www.shect.org/index.php                                   
| ✓ | ⏱: 0.01s 
[COMPLETE] ● https://www.shect.org/index.php                                   
| ✓ | ⏱: 0.44s 
